---
source: crates/glyde-core/src/ingest/report.rs
expression: report
---
InferenceReport {
    encoding: InferredField {
        value: "windows-1252",
        confidence: Low,
    },
    delimiter: InferredField {
        value: Some(
            ",",
        ),
        confidence: High,
    },
    decimal_separator: InferredField {
        value: Some(
            ".",
        ),
        confidence: High,
    },
    time_column: InferredField {
        value: Some(
            "timestamp",
        ),
        confidence: High,
    },
    timestamp_format: InferredField {
        value: Some(
            "iso8601",
        ),
        confidence: High,
    },
    sample_count: 6,
    sampling_class: Uniform,
    skipped_row_count: 0,
    skipped_row_details: [],
    non_monotonic_count: 0,
    duplicate_timestamp_count: 0,
    timezone: Some(
        Honored(
            "+00:00",
        ),
    ),
    time_index: Column {
        index: 0,
        name: "timestamp",
    },
    column_names: [
        "timestamp",
        "temperature [°C]",
        "acceleration [µm/s²]",
    ],
}
